2026-08-25 01:52:34.611: [INFO] CurrentProfilePath: C:\02Workspaces\12Springboot\.metadata\.plugins\org.eclipse.swt\EBWebView\Default
2026-08-25 01:52:34.611: [INFO] Profiles total count: 1
2026-08-25 01:52:34.611: [INFO] Profile: name=프로필 1 path=C:\02Workspaces\12Springboot\.metadata\.plugins\org.eclipse.swt\EBWebView\Default lastActive=null
2026-08-25 01:52:34.611: [INFO] LastUsedProfileDir: C:\02Workspaces\12Springboot\.metadata\.plugins\org.eclipse.swt\EBWebView\Default
2026-08-25 01:52:34.611: [INFO] OnDoneLoading sync enabled: 0
2026-08-25 01:52:34.611: [INFO] BookmarkModelLoaded, ids_reassigned: 0
2026-08-25 01:52:34.611: [INFO] BookmarksLoadDropped droppedNodes=0
2026-08-25 01:52:34.611: [INFO] BookmarksSnapshot Startup total=0 bar=0 other=0 mobile=0 showBar=0 showBarNTP=1
2026-08-25 01:53:47.148: [INFO] BookmarksSnapshot Shutdown total=0 bar=0 other=0 mobile=0 showBar=0 showBarNTP=1
2026-08-25 01:56:55.081: [INFO] CurrentProfilePath: C:\02Workspaces\12Springboot\.metadata\.plugins\org.eclipse.swt\EBWebView\Default
2026-08-25 01:56:55.081: [INFO] Profiles total count: 1
2026-08-25 01:56:55.081: [INFO] Profile: name=프로필 1 path=C:\02Workspaces\12Springboot\.metadata\.plugins\org.eclipse.swt\EBWebView\Default lastActive=null
2026-08-25 01:56:55.081: [INFO] LastUsedProfileDir: C:\02Workspaces\12Springboot\.metadata\.plugins\org.eclipse.swt\EBWebView\Default
2026-08-25 01:56:55.081: [INFO] OnDoneLoading sync enabled: 0
2026-08-25 01:56:55.081: [INFO] BookmarkModelLoaded, ids_reassigned: 0
2026-08-25 01:56:55.081: [INFO] BookmarksLoadDropped droppedNodes=0
2026-08-25 01:56:55.081: [INFO] BookmarksSnapshot Startup total=0 bar=0 other=0 mobile=0 showBar=0 showBarNTP=1
2026-08-25 01:56:58.456: [INFO] BookmarksSnapshot Shutdown total=0 bar=0 other=0 mobile=0 showBar=0 showBarNTP=1
2026-08-25 02:01:59.679: [INFO] CurrentProfilePath: C:\02Workspaces\12Springboot\.metadata\.plugins\org.eclipse.swt\EBWebView\Default
2026-08-25 02:01:59.679: [INFO] Profiles total count: 1
2026-08-25 02:01:59.679: [INFO] Profile: name=프로필 1 path=C:\02Workspaces\12Springboot\.metadata\.plugins\org.eclipse.swt\EBWebView\Default lastActive=null
2026-08-25 02:01:59.679: [INFO] LastUsedProfileDir: C:\02Workspaces\12Springboot\.metadata\.plugins\org.eclipse.swt\EBWebView\Default
2026-08-25 02:01:59.679: [INFO] OnDoneLoading sync enabled: 0
2026-08-25 02:01:59.679: [INFO] BookmarkModelLoaded, ids_reassigned: 0
2026-08-25 02:01:59.679: [INFO] BookmarksLoadDropped droppedNodes=0
2026-08-25 02:01:59.679: [INFO] BookmarksSnapshot Startup total=0 bar=0 other=0 mobile=0 showBar=0 showBarNTP=1
2026-08-25 02:02:05.577: [INFO] BookmarksSnapshot Shutdown total=0 bar=0 other=0 mobile=0 showBar=0 showBarNTP=1
2026-08-25 02:02:08.646: [INFO] CurrentProfilePath: C:\02Workspaces\12Springboot\.metadata\.plugins\org.eclipse.swt\EBWebView\Default
2026-08-25 02:02:08.646: [INFO] Profiles total count: 1
2026-08-25 02:02:08.646: [INFO] Profile: name=프로필 1 path=C:\02Workspaces\12Springboot\.metadata\.plugins\org.eclipse.swt\EBWebView\Default lastActive=null
2026-08-25 02:02:08.646: [INFO] LastUsedProfileDir: C:\02Workspaces\12Springboot\.metadata\.plugins\org.eclipse.swt\EBWebView\Default
2026-08-25 02:02:08.646: [INFO] OnDoneLoading sync enabled: 0
2026-08-25 02:02:08.646: [INFO] BookmarkModelLoaded, ids_reassigned: 0
2026-08-25 02:02:08.646: [INFO] BookmarksLoadDropped droppedNodes=0
2026-08-25 02:02:08.646: [INFO] BookmarksSnapshot Startup total=0 bar=0 other=0 mobile=0 showBar=0 showBarNTP=1
2026-08-25 02:02:12.097: [INFO] BookmarksSnapshot Shutdown total=0 bar=0 other=0 mobile=0 showBar=0 showBarNTP=1
2026-08-25 02:02:13.396: [INFO] CurrentProfilePath: C:\02Workspaces\12Springboot\.metadata\.plugins\org.eclipse.swt\EBWebView\Default
2026-08-25 02:02:13.396: [INFO] Profiles total count: 1
2026-08-25 02:02:13.397: [INFO] Profile: name=프로필 1 path=C:\02Workspaces\12Springboot\.metadata\.plugins\org.eclipse.swt\EBWebView\Default lastActive=null
2026-08-25 02:02:13.397: [INFO] LastUsedProfileDir: C:\02Workspaces\12Springboot\.metadata\.plugins\org.eclipse.swt\EBWebView\Default
2026-08-25 02:02:13.397: [INFO] OnDoneLoading sync enabled: 0
2026-08-25 02:02:13.397: [INFO] BookmarkModelLoaded, ids_reassigned: 0
2026-08-25 02:02:13.397: [INFO] BookmarksLoadDropped droppedNodes=0
2026-08-25 02:02:13.397: [INFO] BookmarksSnapshot Startup total=0 bar=0 other=0 mobile=0 showBar=0 showBarNTP=1
2026-08-25 02:02:16.374: [INFO] BookmarksSnapshot Shutdown total=0 bar=0 other=0 mobile=0 showBar=0 showBarNTP=1
2026-08-25 02:02:28.060: [INFO] CurrentProfilePath: C:\02Workspaces\12Springboot\.metadata\.plugins\org.eclipse.swt\EBWebView\Default
2026-08-25 02:02:28.060: [INFO] Profiles total count: 1
2026-08-25 02:02:28.060: [INFO] Profile: name=프로필 1 path=C:\02Workspaces\12Springboot\.metadata\.plugins\org.eclipse.swt\EBWebView\Default lastActive=null
2026-08-25 02:02:28.060: [INFO] LastUsedProfileDir: C:\02Workspaces\12Springboot\.metadata\.plugins\org.eclipse.swt\EBWebView\Default
2026-08-25 02:02:28.060: [INFO] OnDoneLoading sync enabled: 0
2026-08-25 02:02:28.060: [INFO] BookmarkModelLoaded, ids_reassigned: 0
2026-08-25 02:02:28.060: [INFO] BookmarksLoadDropped droppedNodes=0
2026-08-25 02:02:28.060: [INFO] BookmarksSnapshot Startup total=0 bar=0 other=0 mobile=0 showBar=0 showBarNTP=1
2026-08-25 02:02:29.005: [INFO] BookmarksSnapshot Shutdown total=0 bar=0 other=0 mobile=0 showBar=0 showBarNTP=1
2026-08-25 02:10:17.055: [INFO] CurrentProfilePath: C:\02Workspaces\12Springboot\.metadata\.plugins\org.eclipse.swt\EBWebView\Default
2026-08-25 02:10:17.055: [INFO] Profiles total count: 1
2026-08-25 02:10:17.055: [INFO] Profile: name=프로필 1 path=C:\02Workspaces\12Springboot\.metadata\.plugins\org.eclipse.swt\EBWebView\Default lastActive=null
2026-08-25 02:10:17.055: [INFO] LastUsedProfileDir: C:\02Workspaces\12Springboot\.metadata\.plugins\org.eclipse.swt\EBWebView\Default
2026-08-25 02:10:17.055: [INFO] OnDoneLoading sync enabled: 0
2026-08-25 02:10:17.055: [INFO] BookmarkModelLoaded, ids_reassigned: 0
2026-08-25 02:10:17.055: [INFO] BookmarksLoadDropped droppedNodes=0
2026-08-25 02:10:17.055: [INFO] BookmarksSnapshot Startup total=0 bar=0 other=0 mobile=0 showBar=0 showBarNTP=1
2026-08-25 02:10:17.139: [INFO] BookmarksSnapshot Shutdown total=0 bar=0 other=0 mobile=0 showBar=0 showBarNTP=1
2026-08-25 02:10:36.084: [INFO] CurrentProfilePath: C:\02Workspaces\12Springboot\.metadata\.plugins\org.eclipse.swt\EBWebView\Default
2026-08-25 02:10:36.084: [INFO] Profiles total count: 1
2026-08-25 02:10:36.084: [INFO] Profile: name=프로필 1 path=C:\02Workspaces\12Springboot\.metadata\.plugins\org.eclipse.swt\EBWebView\Default lastActive=null
2026-08-25 02:10:36.084: [INFO] LastUsedProfileDir: C:\02Workspaces\12Springboot\.metadata\.plugins\org.eclipse.swt\EBWebView\Default
2026-08-25 02:10:36.084: [INFO] OnDoneLoading sync enabled: 0
2026-08-25 02:10:36.084: [INFO] BookmarkModelLoaded, ids_reassigned: 0
2026-08-25 02:10:36.084: [INFO] BookmarksLoadDropped droppedNodes=0
2026-08-25 02:10:36.084: [INFO] BookmarksSnapshot Startup total=0 bar=0 other=0 mobile=0 showBar=0 showBarNTP=1
2026-08-25 02:10:45.056: [INFO] BookmarksSnapshot Shutdown total=0 bar=0 other=0 mobile=0 showBar=0 showBarNTP=1
2026-08-25 02:11:02.858: [INFO] CurrentProfilePath: C:\02Workspaces\12Springboot\.metadata\.plugins\org.eclipse.swt\EBWebView\Default
2026-08-25 02:11:02.858: [INFO] Profiles total count: 1
2026-08-25 02:11:02.858: [INFO] Profile: name=프로필 1 path=C:\02Workspaces\12Springboot\.metadata\.plugins\org.eclipse.swt\EBWebView\Default lastActive=null
2026-08-25 02:11:02.858: [INFO] LastUsedProfileDir: C:\02Workspaces\12Springboot\.metadata\.plugins\org.eclipse.swt\EBWebView\Default
2026-08-25 02:11:02.858: [INFO] OnDoneLoading sync enabled: 0
2026-08-25 02:11:02.858: [INFO] BookmarkModelLoaded, ids_reassigned: 0
2026-08-25 02:11:02.858: [INFO] BookmarksLoadDropped droppedNodes=0
2026-08-25 02:11:02.858: [INFO] BookmarksSnapshot Startup total=0 bar=0 other=0 mobile=0 showBar=0 showBarNTP=1
2026-08-25 02:11:02.937: [INFO] BookmarksSnapshot Shutdown total=0 bar=0 other=0 mobile=0 showBar=0 showBarNTP=1
2026-08-25 02:11:39.208: [INFO] CurrentProfilePath: C:\02Workspaces\12Springboot\.metadata\.plugins\org.eclipse.swt\EBWebView\Default
2026-08-25 02:11:39.208: [INFO] Profiles total count: 1
2026-08-25 02:11:39.208: [INFO] Profile: name=프로필 1 path=C:\02Workspaces\12Springboot\.metadata\.plugins\org.eclipse.swt\EBWebView\Default lastActive=null
2026-08-25 02:11:39.208: [INFO] LastUsedProfileDir: C:\02Workspaces\12Springboot\.metadata\.plugins\org.eclipse.swt\EBWebView\Default
2026-08-25 02:11:39.208: [INFO] OnDoneLoading sync enabled: 0
2026-08-25 02:11:39.208: [INFO] BookmarkModelLoaded, ids_reassigned: 0
2026-08-25 02:11:39.208: [INFO] BookmarksLoadDropped droppedNodes=0
2026-08-25 02:11:39.208: [INFO] BookmarksSnapshot Startup total=0 bar=0 other=0 mobile=0 showBar=0 showBarNTP=1
2026-08-25 02:11:39.289: [INFO] BookmarksSnapshot Shutdown total=0 bar=0 other=0 mobile=0 showBar=0 showBarNTP=1
2026-08-25 03:01:42.903: [INFO] CurrentProfilePath: C:\02Workspaces\12Springboot\.metadata\.plugins\org.eclipse.swt\EBWebView\Default
2026-08-25 03:01:42.903: [INFO] Profiles total count: 1
2026-08-25 03:01:42.903: [INFO] Profile: name=프로필 1 path=C:\02Workspaces\12Springboot\.metadata\.plugins\org.eclipse.swt\EBWebView\Default lastActive=null
2026-08-25 03:01:42.903: [INFO] LastUsedProfileDir: C:\02Workspaces\12Springboot\.metadata\.plugins\org.eclipse.swt\EBWebView\Default
2026-08-25 03:01:42.903: [INFO] OnDoneLoading sync enabled: 0
2026-08-25 03:01:42.903: [INFO] BookmarkModelLoaded, ids_reassigned: 0
2026-08-25 03:01:42.903: [INFO] BookmarksLoadDropped droppedNodes=0
2026-08-25 03:01:42.903: [INFO] BookmarksSnapshot Startup total=0 bar=0 other=0 mobile=0 showBar=0 showBarNTP=1
2026-08-25 03:01:43.377: [INFO] BookmarksSnapshot Shutdown total=0 bar=0 other=0 mobile=0 showBar=0 showBarNTP=1
2026-08-25 03:06:13.503: [INFO] CurrentProfilePath: C:\02Workspaces\12Springboot\.metadata\.plugins\org.eclipse.swt\EBWebView\Default
2026-08-25 03:06:13.503: [INFO] Profiles total count: 1
2026-08-25 03:06:13.503: [INFO] Profile: name=프로필 1 path=C:\02Workspaces\12Springboot\.metadata\.plugins\org.eclipse.swt\EBWebView\Default lastActive=null
2026-08-25 03:06:13.503: [INFO] LastUsedProfileDir: C:\02Workspaces\12Springboot\.metadata\.plugins\org.eclipse.swt\EBWebView\Default
2026-08-25 03:06:13.503: [INFO] OnDoneLoading sync enabled: 0
2026-08-25 03:06:13.503: [INFO] BookmarkModelLoaded, ids_reassigned: 0
2026-08-25 03:06:13.503: [INFO] BookmarksLoadDropped droppedNodes=0
2026-08-25 03:06:13.503: [INFO] BookmarksSnapshot Startup total=0 bar=0 other=0 mobile=0 showBar=0 showBarNTP=1
2026-08-25 03:06:21.753: [INFO] BookmarksSnapshot Shutdown total=0 bar=0 other=0 mobile=0 showBar=0 showBarNTP=1
2026-08-25 03:07:41.419: [INFO] CurrentProfilePath: C:\02Workspaces\12Springboot\.metadata\.plugins\org.eclipse.swt\EBWebView\Default
2026-08-25 03:07:41.419: [INFO] Profiles total count: 1
2026-08-25 03:07:41.419: [INFO] Profile: name=프로필 1 path=C:\02Workspaces\12Springboot\.metadata\.plugins\org.eclipse.swt\EBWebView\Default lastActive=null
2026-08-25 03:07:41.419: [INFO] LastUsedProfileDir: C:\02Workspaces\12Springboot\.metadata\.plugins\org.eclipse.swt\EBWebView\Default
2026-08-25 03:07:41.419: [INFO] OnDoneLoading sync enabled: 0
2026-08-25 03:07:41.419: [INFO] BookmarkModelLoaded, ids_reassigned: 0
2026-08-25 03:07:41.419: [INFO] BookmarksLoadDropped droppedNodes=0
2026-08-25 03:07:41.419: [INFO] BookmarksSnapshot Startup total=0 bar=0 other=0 mobile=0 showBar=0 showBarNTP=1
2026-08-25 03:07:52.767: [INFO] BookmarksSnapshot Shutdown total=0 bar=0 other=0 mobile=0 showBar=0 showBarNTP=1
2026-08-25 03:08:46.629: [INFO] CurrentProfilePath: C:\02Workspaces\12Springboot\.metadata\.plugins\org.eclipse.swt\EBWebView\Default
2026-08-25 03:08:46.629: [INFO] Profiles total count: 1
2026-08-25 03:08:46.629: [INFO] Profile: name=프로필 1 path=C:\02Workspaces\12Springboot\.metadata\.plugins\org.eclipse.swt\EBWebView\Default lastActive=null
2026-08-25 03:08:46.629: [INFO] LastUsedProfileDir: C:\02Workspaces\12Springboot\.metadata\.plugins\org.eclipse.swt\EBWebView\Default
2026-08-25 03:08:46.629: [INFO] OnDoneLoading sync enabled: 0
2026-08-25 03:08:46.629: [INFO] BookmarkModelLoaded, ids_reassigned: 0
2026-08-25 03:08:46.629: [INFO] BookmarksLoadDropped droppedNodes=0
2026-08-25 03:08:46.629: [INFO] BookmarksSnapshot Startup total=0 bar=0 other=0 mobile=0 showBar=0 showBarNTP=1
2026-08-25 03:09:04.406: [INFO] BookmarksSnapshot Shutdown total=0 bar=0 other=0 mobile=0 showBar=0 showBarNTP=1
2026-08-25 03:09:33.010: [INFO] CurrentProfilePath: C:\02Workspaces\12Springboot\.metadata\.plugins\org.eclipse.swt\EBWebView\Default
2026-08-25 03:09:33.010: [INFO] Profiles total count: 1
2026-08-25 03:09:33.010: [INFO] Profile: name=프로필 1 path=C:\02Workspaces\12Springboot\.metadata\.plugins\org.eclipse.swt\EBWebView\Default lastActive=null
2026-08-25 03:09:33.010: [INFO] LastUsedProfileDir: C:\02Workspaces\12Springboot\.metadata\.plugins\org.eclipse.swt\EBWebView\Default
2026-08-25 03:09:33.010: [INFO] OnDoneLoading sync enabled: 0
2026-08-25 03:09:33.010: [INFO] BookmarkModelLoaded, ids_reassigned: 0
2026-08-25 03:09:33.010: [INFO] BookmarksLoadDropped droppedNodes=0
2026-08-25 03:09:33.010: [INFO] BookmarksSnapshot Startup total=0 bar=0 other=0 mobile=0 showBar=0 showBarNTP=1
2026-08-25 03:09:36.662: [INFO] BookmarksSnapshot Shutdown total=0 bar=0 other=0 mobile=0 showBar=0 showBarNTP=1
2026-08-25 03:11:33.482: [INFO] CurrentProfilePath: C:\02Workspaces\12Springboot\.metadata\.plugins\org.eclipse.swt\EBWebView\Default
2026-08-25 03:11:33.482: [INFO] Profiles total count: 1
2026-08-25 03:11:33.482: [INFO] Profile: name=프로필 1 path=C:\02Workspaces\12Springboot\.metadata\.plugins\org.eclipse.swt\EBWebView\Default lastActive=null
2026-08-25 03:11:33.482: [INFO] LastUsedProfileDir: C:\02Workspaces\12Springboot\.metadata\.plugins\org.eclipse.swt\EBWebView\Default
2026-08-25 03:11:33.482: [INFO] OnDoneLoading sync enabled: 0
2026-08-25 03:11:33.482: [INFO] BookmarkModelLoaded, ids_reassigned: 0
2026-08-25 03:11:33.482: [INFO] BookmarksLoadDropped droppedNodes=0
2026-08-25 03:11:33.482: [INFO] BookmarksSnapshot Startup total=0 bar=0 other=0 mobile=0 showBar=0 showBarNTP=1
2026-08-25 03:11:37.055: [INFO] BookmarksSnapshot Shutdown total=0 bar=0 other=0 mobile=0 showBar=0 showBarNTP=1
2026-08-25 03:53:27.851: [INFO] CurrentProfilePath: C:\02Workspaces\12Springboot\.metadata\.plugins\org.eclipse.swt\EBWebView\Default
2026-08-25 03:53:27.851: [INFO] Profiles total count: 1
2026-08-25 03:53:27.851: [INFO] Profile: name=프로필 1 path=C:\02Workspaces\12Springboot\.metadata\.plugins\org.eclipse.swt\EBWebView\Default lastActive=null
2026-08-25 03:53:27.851: [INFO] LastUsedProfileDir: C:\02Workspaces\12Springboot\.metadata\.plugins\org.eclipse.swt\EBWebView\Default
2026-08-25 03:53:27.851: [INFO] OnDoneLoading sync enabled: 0
2026-08-25 03:53:27.851: [INFO] BookmarkModelLoaded, ids_reassigned: 0
2026-08-25 03:53:27.851: [INFO] BookmarksLoadDropped droppedNodes=0
2026-08-25 03:53:27.851: [INFO] BookmarksSnapshot Startup total=0 bar=0 other=0 mobile=0 showBar=0 showBarNTP=1
2026-08-25 03:53:28.020: [INFO] BookmarksSnapshot Shutdown total=0 bar=0 other=0 mobile=0 showBar=0 showBarNTP=1
2026-08-25 03:53:58.599: [INFO] CurrentProfilePath: C:\02Workspaces\12Springboot\.metadata\.plugins\org.eclipse.swt\EBWebView\Default
2026-08-25 03:53:58.599: [INFO] Profiles total count: 1
2026-08-25 03:53:58.599: [INFO] Profile: name=프로필 1 path=C:\02Workspaces\12Springboot\.metadata\.plugins\org.eclipse.swt\EBWebView\Default lastActive=null
2026-08-25 03:53:58.599: [INFO] LastUsedProfileDir: C:\02Workspaces\12Springboot\.metadata\.plugins\org.eclipse.swt\EBWebView\Default
2026-08-25 03:53:58.599: [INFO] OnDoneLoading sync enabled: 0
2026-08-25 03:53:58.599: [INFO] BookmarkModelLoaded, ids_reassigned: 0
2026-08-25 03:53:58.599: [INFO] BookmarksLoadDropped droppedNodes=0
2026-08-25 03:53:58.599: [INFO] BookmarksSnapshot Startup total=0 bar=0 other=0 mobile=0 showBar=0 showBarNTP=1
2026-08-25 03:57:29.061: [INFO] BookmarksSnapshot Shutdown total=0 bar=0 other=0 mobile=0 showBar=0 showBarNTP=1
2026-08-25 04:04:34.093: [INFO] CurrentProfilePath: C:\02Workspaces\12Springboot\.metadata\.plugins\org.eclipse.swt\EBWebView\Default
2026-08-25 04:04:34.093: [INFO] Profiles total count: 1
2026-08-25 04:04:34.093: [INFO] Profile: name=프로필 1 path=C:\02Workspaces\12Springboot\.metadata\.plugins\org.eclipse.swt\EBWebView\Default lastActive=null
2026-08-25 04:04:34.093: [INFO] LastUsedProfileDir: C:\02Workspaces\12Springboot\.metadata\.plugins\org.eclipse.swt\EBWebView\Default
2026-08-25 04:04:34.093: [INFO] OnDoneLoading sync enabled: 0
2026-08-25 04:04:34.093: [INFO] BookmarkModelLoaded, ids_reassigned: 0
2026-08-25 04:04:34.093: [INFO] BookmarksLoadDropped droppedNodes=0
2026-08-25 04:04:34.094: [INFO] BookmarksSnapshot Startup total=0 bar=0 other=0 mobile=0 showBar=0 showBarNTP=1
2026-08-25 04:04:34.206: [INFO] BookmarksSnapshot Shutdown total=0 bar=0 other=0 mobile=0 showBar=0 showBarNTP=1
2026-08-25 04:04:48.257: [INFO] CurrentProfilePath: C:\02Workspaces\12Springboot\.metadata\.plugins\org.eclipse.swt\EBWebView\Default
2026-08-25 04:04:48.257: [INFO] Profiles total count: 1
2026-08-25 04:04:48.257: [INFO] Profile: name=프로필 1 path=C:\02Workspaces\12Springboot\.metadata\.plugins\org.eclipse.swt\EBWebView\Default lastActive=null
2026-08-25 04:04:48.257: [INFO] LastUsedProfileDir: C:\02Workspaces\12Springboot\.metadata\.plugins\org.eclipse.swt\EBWebView\Default
2026-08-25 04:04:48.257: [INFO] OnDoneLoading sync enabled: 0
2026-08-25 04:04:48.257: [INFO] BookmarkModelLoaded, ids_reassigned: 0
2026-08-25 04:04:48.257: [INFO] BookmarksLoadDropped droppedNodes=0
2026-08-25 04:04:48.257: [INFO] BookmarksSnapshot Startup total=0 bar=0 other=0 mobile=0 showBar=0 showBarNTP=1
2026-08-25 04:04:52.343: [INFO] BookmarksSnapshot Shutdown total=0 bar=0 other=0 mobile=0 showBar=0 showBarNTP=1
2026-08-25 04:05:23.283: [INFO] CurrentProfilePath: C:\02Workspaces\12Springboot\.metadata\.plugins\org.eclipse.swt\EBWebView\Default
2026-08-25 04:05:23.283: [INFO] Profiles total count: 1
2026-08-25 04:05:23.283: [INFO] Profile: name=프로필 1 path=C:\02Workspaces\12Springboot\.metadata\.plugins\org.eclipse.swt\EBWebView\Default lastActive=null
2026-08-25 04:05:23.283: [INFO] LastUsedProfileDir: C:\02Workspaces\12Springboot\.metadata\.plugins\org.eclipse.swt\EBWebView\Default
2026-08-25 04:05:23.283: [INFO] OnDoneLoading sync enabled: 0
2026-08-25 04:05:23.283: [INFO] BookmarkModelLoaded, ids_reassigned: 0
2026-08-25 04:05:23.283: [INFO] BookmarksLoadDropped droppedNodes=0
2026-08-25 04:05:23.283: [INFO] BookmarksSnapshot Startup total=0 bar=0 other=0 mobile=0 showBar=0 showBarNTP=1
2026-08-25 04:05:31.914: [INFO] BookmarksSnapshot Shutdown total=0 bar=0 other=0 mobile=0 showBar=0 showBarNTP=1
2026-08-25 04:06:02.110: [INFO] CurrentProfilePath: C:\02Workspaces\12Springboot\.metadata\.plugins\org.eclipse.swt\EBWebView\Default
2026-08-25 04:06:02.110: [INFO] Profiles total count: 1
2026-08-25 04:06:02.110: [INFO] Profile: name=프로필 1 path=C:\02Workspaces\12Springboot\.metadata\.plugins\org.eclipse.swt\EBWebView\Default lastActive=null
2026-08-25 04:06:02.110: [INFO] LastUsedProfileDir: C:\02Workspaces\12Springboot\.metadata\.plugins\org.eclipse.swt\EBWebView\Default
2026-08-25 04:06:02.110: [INFO] OnDoneLoading sync enabled: 0
2026-08-25 04:06:02.110: [INFO] BookmarkModelLoaded, ids_reassigned: 0
2026-08-25 04:06:02.110: [INFO] BookmarksLoadDropped droppedNodes=0
2026-08-25 04:06:02.110: [INFO] BookmarksSnapshot Startup total=0 bar=0 other=0 mobile=0 showBar=0 showBarNTP=1
2026-08-25 04:06:04.149: [INFO] CurrentProfilePath: C:\02Workspaces\12Springboot\.metadata\.plugins\org.eclipse.swt\EBWebView\Default
2026-08-25 04:06:04.149: [INFO] Profiles total count: 1
2026-08-25 04:06:04.149: [INFO] Profile: name=프로필 1 path=C:\02Workspaces\12Springboot\.metadata\.plugins\org.eclipse.swt\EBWebView\Default lastActive=null
2026-08-25 04:06:04.149: [INFO] LastUsedProfileDir: C:\02Workspaces\12Springboot\.metadata\.plugins\org.eclipse.swt\EBWebView\Default
2026-08-25 04:06:04.149: [INFO] OnDoneLoading sync enabled: 0
2026-08-25 04:06:04.149: [INFO] BookmarkModelLoaded, ids_reassigned: 0
2026-08-25 04:06:04.149: [INFO] BookmarksLoadDropped droppedNodes=0
2026-08-25 04:06:04.149: [INFO] BookmarksSnapshot Startup total=0 bar=0 other=0 mobile=0 showBar=0 showBarNTP=1
2026-08-25 04:06:04.227: [INFO] BookmarksSnapshot Shutdown total=0 bar=0 other=0 mobile=0 showBar=0 showBarNTP=1
2026-08-25 04:08:52.541: [INFO] CurrentProfilePath: C:\02Workspaces\12Springboot\.metadata\.plugins\org.eclipse.swt\EBWebView\Default
2026-08-25 04:08:52.541: [INFO] Profiles total count: 1
2026-08-25 04:08:52.541: [INFO] Profile: name=프로필 1 path=C:\02Workspaces\12Springboot\.metadata\.plugins\org.eclipse.swt\EBWebView\Default lastActive=null
2026-08-25 04:08:52.541: [INFO] LastUsedProfileDir: C:\02Workspaces\12Springboot\.metadata\.plugins\org.eclipse.swt\EBWebView\Default
2026-08-25 04:08:52.541: [INFO] OnDoneLoading sync enabled: 0
2026-08-25 04:08:52.541: [INFO] BookmarkModelLoaded, ids_reassigned: 0
2026-08-25 04:08:52.541: [INFO] BookmarksLoadDropped droppedNodes=0
2026-08-25 04:08:52.541: [INFO] BookmarksSnapshot Startup total=0 bar=0 other=0 mobile=0 showBar=0 showBarNTP=1
2026-08-25 04:08:52.665: [INFO] BookmarksSnapshot Shutdown total=0 bar=0 other=0 mobile=0 showBar=0 showBarNTP=1
2026-08-25 05:37:21.540: [INFO] CurrentProfilePath: C:\02Workspaces\12Springboot\.metadata\.plugins\org.eclipse.swt\EBWebView\Default
2026-08-25 05:37:21.540: [INFO] Profiles total count: 1
2026-08-25 05:37:21.540: [INFO] Profile: name=프로필 1 path=C:\02Workspaces\12Springboot\.metadata\.plugins\org.eclipse.swt\EBWebView\Default lastActive=null
2026-08-25 05:37:21.540: [INFO] LastUsedProfileDir: C:\02Workspaces\12Springboot\.metadata\.plugins\org.eclipse.swt\EBWebView\Default
2026-08-25 05:37:21.540: [INFO] OnDoneLoading sync enabled: 0
2026-08-25 05:37:21.540: [INFO] BookmarkModelLoaded, ids_reassigned: 0
2026-08-25 05:37:21.540: [INFO] BookmarksLoadDropped droppedNodes=0
2026-08-25 05:37:21.540: [INFO] BookmarksSnapshot Startup total=0 bar=0 other=0 mobile=0 showBar=0 showBarNTP=1
2026-08-25 05:37:42.342: [INFO] BookmarksSnapshot Shutdown total=0 bar=0 other=0 mobile=0 showBar=0 showBarNTP=1
2026-08-25 05:38:05.717: [INFO] CurrentProfilePath: C:\02Workspaces\12Springboot\.metadata\.plugins\org.eclipse.swt\EBWebView\Default
2026-08-25 05:38:05.717: [INFO] Profiles total count: 1
2026-08-25 05:38:05.717: [INFO] Profile: name=프로필 1 path=C:\02Workspaces\12Springboot\.metadata\.plugins\org.eclipse.swt\EBWebView\Default lastActive=null
2026-08-25 05:38:05.717: [INFO] LastUsedProfileDir: C:\02Workspaces\12Springboot\.metadata\.plugins\org.eclipse.swt\EBWebView\Default
2026-08-25 05:38:05.717: [INFO] OnDoneLoading sync enabled: 0
2026-08-25 05:38:05.717: [INFO] BookmarkModelLoaded, ids_reassigned: 0
2026-08-25 05:38:05.717: [INFO] BookmarksLoadDropped droppedNodes=0
2026-08-25 05:38:05.717: [INFO] BookmarksSnapshot Startup total=0 bar=0 other=0 mobile=0 showBar=0 showBarNTP=1
2026-08-25 05:41:06.556: [INFO] BookmarksSnapshot Shutdown total=0 bar=0 other=0 mobile=0 showBar=0 showBarNTP=1
2026-08-25 07:04:31.468: [INFO] CurrentProfilePath: C:\02Workspaces\12Springboot\.metadata\.plugins\org.eclipse.swt\EBWebView\Default
2026-08-25 07:04:31.468: [INFO] Profiles total count: 1
2026-08-25 07:04:31.468: [INFO] Profile: name=프로필 1 path=C:\02Workspaces\12Springboot\.metadata\.plugins\org.eclipse.swt\EBWebView\Default lastActive=null
2026-08-25 07:04:31.468: [INFO] LastUsedProfileDir: C:\02Workspaces\12Springboot\.metadata\.plugins\org.eclipse.swt\EBWebView\Default
2026-08-25 07:04:31.468: [INFO] OnDoneLoading sync enabled: 0
2026-08-25 07:04:31.468: [INFO] BookmarkModelLoaded, ids_reassigned: 0
2026-08-25 07:04:31.468: [INFO] BookmarksLoadDropped droppedNodes=0
2026-08-25 07:04:31.468: [INFO] BookmarksSnapshot Startup total=0 bar=0 other=0 mobile=0 showBar=0 showBarNTP=1
2026-08-25 07:04:33.772: [INFO] BookmarksSnapshot Shutdown total=0 bar=0 other=0 mobile=0 showBar=0 showBarNTP=1
2026-08-25 07:53:16.298: [INFO] CurrentProfilePath: C:\02Workspaces\12Springboot\.metadata\.plugins\org.eclipse.swt\EBWebView\Default
2026-08-25 07:53:16.298: [INFO] Profiles total count: 1
2026-08-25 07:53:16.298: [INFO] Profile: name=프로필 1 path=C:\02Workspaces\12Springboot\.metadata\.plugins\org.eclipse.swt\EBWebView\Default lastActive=null
2026-08-25 07:53:16.298: [INFO] LastUsedProfileDir: C:\02Workspaces\12Springboot\.metadata\.plugins\org.eclipse.swt\EBWebView\Default
2026-08-25 07:53:16.298: [INFO] OnDoneLoading sync enabled: 0
2026-08-25 07:53:16.298: [INFO] BookmarkModelLoaded, ids_reassigned: 0
2026-08-25 07:53:16.299: [INFO] BookmarksLoadDropped droppedNodes=0
2026-08-25 07:53:16.299: [INFO] BookmarksSnapshot Startup total=0 bar=0 other=0 mobile=0 showBar=0 showBarNTP=1
2026-08-25 07:53:16.385: [INFO] BookmarksSnapshot Shutdown total=0 bar=0 other=0 mobile=0 showBar=0 showBarNTP=1
2026-08-25 07:54:44.890: [INFO] CurrentProfilePath: C:\02Workspaces\12Springboot\.metadata\.plugins\org.eclipse.swt\EBWebView\Default
2026-08-25 07:54:44.890: [INFO] Profiles total count: 1
2026-08-25 07:54:44.890: [INFO] Profile: name=프로필 1 path=C:\02Workspaces\12Springboot\.metadata\.plugins\org.eclipse.swt\EBWebView\Default lastActive=null
2026-08-25 07:54:44.890: [INFO] LastUsedProfileDir: C:\02Workspaces\12Springboot\.metadata\.plugins\org.eclipse.swt\EBWebView\Default
2026-08-25 07:54:44.890: [INFO] OnDoneLoading sync enabled: 0
2026-08-25 07:54:44.890: [INFO] BookmarkModelLoaded, ids_reassigned: 0
2026-08-25 07:54:44.890: [INFO] BookmarksLoadDropped droppedNodes=0
2026-08-25 07:54:44.890: [INFO] BookmarksSnapshot Startup total=0 bar=0 other=0 mobile=0 showBar=0 showBarNTP=1
2026-08-25 07:54:58.783: [INFO] BookmarksSnapshot Shutdown total=0 bar=0 other=0 mobile=0 showBar=0 showBarNTP=1
2026-08-25 07:55:11.528: [INFO] CurrentProfilePath: C:\02Workspaces\12Springboot\.metadata\.plugins\org.eclipse.swt\EBWebView\Default
2026-08-25 07:55:11.528: [INFO] Profiles total count: 1
2026-08-25 07:55:11.528: [INFO] Profile: name=프로필 1 path=C:\02Workspaces\12Springboot\.metadata\.plugins\org.eclipse.swt\EBWebView\Default lastActive=null
2026-08-25 07:55:11.528: [INFO] LastUsedProfileDir: C:\02Workspaces\12Springboot\.metadata\.plugins\org.eclipse.swt\EBWebView\Default
2026-08-25 07:55:11.528: [INFO] OnDoneLoading sync enabled: 0
2026-08-25 07:55:11.528: [INFO] BookmarkModelLoaded, ids_reassigned: 0
2026-08-25 07:55:11.528: [INFO] BookmarksLoadDropped droppedNodes=0
2026-08-25 07:55:11.528: [INFO] BookmarksSnapshot Startup total=0 bar=0 other=0 mobile=0 showBar=0 showBarNTP=1
2026-08-25 07:55:19.467: [INFO] BookmarksSnapshot Shutdown total=0 bar=0 other=0 mobile=0 showBar=0 showBarNTP=1
2026-08-25 07:55:55.712: [INFO] CurrentProfilePath: C:\02Workspaces\12Springboot\.metadata\.plugins\org.eclipse.swt\EBWebView\Default
2026-08-25 07:55:55.712: [INFO] Profiles total count: 1
2026-08-25 07:55:55.712: [INFO] Profile: name=프로필 1 path=C:\02Workspaces\12Springboot\.metadata\.plugins\org.eclipse.swt\EBWebView\Default lastActive=null
2026-08-25 07:55:55.712: [INFO] LastUsedProfileDir: C:\02Workspaces\12Springboot\.metadata\.plugins\org.eclipse.swt\EBWebView\Default
2026-08-25 07:55:55.712: [INFO] OnDoneLoading sync enabled: 0
2026-08-25 07:55:55.712: [INFO] BookmarkModelLoaded, ids_reassigned: 0
2026-08-25 07:55:55.712: [INFO] BookmarksLoadDropped droppedNodes=0
2026-08-25 07:55:55.712: [INFO] BookmarksSnapshot Startup total=0 bar=0 other=0 mobile=0 showBar=0 showBarNTP=1
2026-08-25 07:56:04.982: [INFO] BookmarksSnapshot Shutdown total=0 bar=0 other=0 mobile=0 showBar=0 showBarNTP=1
2026-08-25 07:56:36.664: [INFO] CurrentProfilePath: C:\02Workspaces\12Springboot\.metadata\.plugins\org.eclipse.swt\EBWebView\Default
2026-08-25 07:56:36.664: [INFO] Profiles total count: 1
2026-08-25 07:56:36.664: [INFO] Profile: name=프로필 1 path=C:\02Workspaces\12Springboot\.metadata\.plugins\org.eclipse.swt\EBWebView\Default lastActive=null
2026-08-25 07:56:36.664: [INFO] LastUsedProfileDir: C:\02Workspaces\12Springboot\.metadata\.plugins\org.eclipse.swt\EBWebView\Default
2026-08-25 07:56:36.664: [INFO] OnDoneLoading sync enabled: 0
2026-08-25 07:56:36.664: [INFO] BookmarkModelLoaded, ids_reassigned: 0
2026-08-25 07:56:36.664: [INFO] BookmarksLoadDropped droppedNodes=0
2026-08-25 07:56:36.664: [INFO] BookmarksSnapshot Startup total=0 bar=0 other=0 mobile=0 showBar=0 showBarNTP=1
2026-08-25 07:56:40.895: [INFO] BookmarksSnapshot Shutdown total=0 bar=0 other=0 mobile=0 showBar=0 showBarNTP=1
2026-08-25 07:57:37.612: [INFO] CurrentProfilePath: C:\02Workspaces\12Springboot\.metadata\.plugins\org.eclipse.swt\EBWebView\Default
2026-08-25 07:57:37.612: [INFO] Profiles total count: 1
2026-08-25 07:57:37.612: [INFO] Profile: name=프로필 1 path=C:\02Workspaces\12Springboot\.metadata\.plugins\org.eclipse.swt\EBWebView\Default lastActive=null
2026-08-25 07:57:37.612: [INFO] LastUsedProfileDir: C:\02Workspaces\12Springboot\.metadata\.plugins\org.eclipse.swt\EBWebView\Default
2026-08-25 07:57:37.612: [INFO] OnDoneLoading sync enabled: 0
2026-08-25 07:57:37.612: [INFO] BookmarkModelLoaded, ids_reassigned: 0
2026-08-25 07:57:37.612: [INFO] BookmarksLoadDropped droppedNodes=0
2026-08-25 07:57:37.612: [INFO] BookmarksSnapshot Startup total=0 bar=0 other=0 mobile=0 showBar=0 showBarNTP=1
2026-08-25 08:43:36.639: [INFO] BookmarksSnapshot Shutdown total=0 bar=0 other=0 mobile=0 showBar=0 showBarNTP=1
2026-08-26 00:41:54.717: [INFO] CurrentProfilePath: C:\02Workspaces\12Springboot\.metadata\.plugins\org.eclipse.swt\EBWebView\Default
2026-08-26 00:41:54.717: [INFO] Profiles total count: 1
2026-08-26 00:41:54.717: [INFO] Profile: name=프로필 1 path=C:\02Workspaces\12Springboot\.metadata\.plugins\org.eclipse.swt\EBWebView\Default lastActive=null
2026-08-26 00:41:54.717: [INFO] LastUsedProfileDir: C:\02Workspaces\12Springboot\.metadata\.plugins\org.eclipse.swt\EBWebView\Default
2026-08-26 00:41:54.717: [INFO] OnDoneLoading sync enabled: 0
2026-08-26 00:41:54.717: [INFO] BookmarkModelLoaded, ids_reassigned: 0
2026-08-26 00:41:54.717: [INFO] BookmarksLoadDropped droppedNodes=0
2026-08-26 00:41:54.717: [INFO] BookmarksSnapshot Startup total=0 bar=0 other=0 mobile=0 showBar=0 showBarNTP=1
2026-08-26 00:41:57.589: [INFO] BookmarksSnapshot Shutdown total=0 bar=0 other=0 mobile=0 showBar=0 showBarNTP=1
2026-08-26 00:42:17.473: [INFO] CurrentProfilePath: C:\02Workspaces\12Springboot\.metadata\.plugins\org.eclipse.swt\EBWebView\Default
2026-08-26 00:42:17.473: [INFO] Profiles total count: 1
2026-08-26 00:42:17.473: [INFO] Profile: name=프로필 1 path=C:\02Workspaces\12Springboot\.metadata\.plugins\org.eclipse.swt\EBWebView\Default lastActive=null
2026-08-26 00:42:17.473: [INFO] LastUsedProfileDir: C:\02Workspaces\12Springboot\.metadata\.plugins\org.eclipse.swt\EBWebView\Default
2026-08-26 00:42:17.473: [INFO] OnDoneLoading sync enabled: 0
2026-08-26 00:42:17.473: [INFO] BookmarkModelLoaded, ids_reassigned: 0
2026-08-26 00:42:17.473: [INFO] BookmarksLoadDropped droppedNodes=0
2026-08-26 00:42:17.473: [INFO] BookmarksSnapshot Startup total=0 bar=0 other=0 mobile=0 showBar=0 showBarNTP=1
2026-08-26 00:42:20.732: [INFO] BookmarksSnapshot Shutdown total=0 bar=0 other=0 mobile=0 showBar=0 showBarNTP=1
2026-08-26 00:42:21.477: [INFO] CurrentProfilePath: C:\02Workspaces\12Springboot\.metadata\.plugins\org.eclipse.swt\EBWebView\Default
2026-08-26 00:42:21.477: [INFO] Profiles total count: 1
2026-08-26 00:42:21.477: [INFO] Profile: name=프로필 1 path=C:\02Workspaces\12Springboot\.metadata\.plugins\org.eclipse.swt\EBWebView\Default lastActive=null
2026-08-26 00:42:21.477: [INFO] LastUsedProfileDir: C:\02Workspaces\12Springboot\.metadata\.plugins\org.eclipse.swt\EBWebView\Default
2026-08-26 00:42:21.477: [INFO] OnDoneLoading sync enabled: 0
2026-08-26 00:42:21.477: [INFO] BookmarkModelLoaded, ids_reassigned: 0
2026-08-26 00:42:21.477: [INFO] BookmarksLoadDropped droppedNodes=0
2026-08-26 00:42:21.477: [INFO] BookmarksSnapshot Startup total=0 bar=0 other=0 mobile=0 showBar=0 showBarNTP=1
2026-08-26 00:42:33.426: [INFO] BookmarksSnapshot Shutdown total=0 bar=0 other=0 mobile=0 showBar=0 showBarNTP=1
2026-08-26 00:43:30.871: [INFO] CurrentProfilePath: C:\02Workspaces\12Springboot\.metadata\.plugins\org.eclipse.swt\EBWebView\Default
2026-08-26 00:43:30.871: [INFO] Profiles total count: 1
2026-08-26 00:43:30.871: [INFO] Profile: name=프로필 1 path=C:\02Workspaces\12Springboot\.metadata\.plugins\org.eclipse.swt\EBWebView\Default lastActive=null
2026-08-26 00:43:30.871: [INFO] LastUsedProfileDir: C:\02Workspaces\12Springboot\.metadata\.plugins\org.eclipse.swt\EBWebView\Default
2026-08-26 00:43:30.871: [INFO] OnDoneLoading sync enabled: 0
2026-08-26 00:43:30.871: [INFO] BookmarkModelLoaded, ids_reassigned: 0
2026-08-26 00:43:30.871: [INFO] BookmarksLoadDropped droppedNodes=0
2026-08-26 00:43:30.871: [INFO] BookmarksSnapshot Startup total=0 bar=0 other=0 mobile=0 showBar=0 showBarNTP=1
2026-08-26 00:43:36.186: [INFO] BookmarksSnapshot Shutdown total=0 bar=0 other=0 mobile=0 showBar=0 showBarNTP=1
2026-08-26 00:47:36.923: [INFO] CurrentProfilePath: C:\02Workspaces\12Springboot\.metadata\.plugins\org.eclipse.swt\EBWebView\Default
2026-08-26 00:47:36.923: [INFO] Profiles total count: 1
2026-08-26 00:47:36.923: [INFO] Profile: name=프로필 1 path=C:\02Workspaces\12Springboot\.metadata\.plugins\org.eclipse.swt\EBWebView\Default lastActive=null
2026-08-26 00:47:36.923: [INFO] LastUsedProfileDir: C:\02Workspaces\12Springboot\.metadata\.plugins\org.eclipse.swt\EBWebView\Default
2026-08-26 00:47:36.923: [INFO] OnDoneLoading sync enabled: 0
2026-08-26 00:47:36.923: [INFO] BookmarkModelLoaded, ids_reassigned: 0
2026-08-26 00:47:36.923: [INFO] BookmarksLoadDropped droppedNodes=0
2026-08-26 00:47:36.923: [INFO] BookmarksSnapshot Startup total=0 bar=0 other=0 mobile=0 showBar=0 showBarNTP=1
2026-08-26 00:47:39.274: [INFO] BookmarksSnapshot Shutdown total=0 bar=0 other=0 mobile=0 showBar=0 showBarNTP=1
2026-08-26 00:53:25.999: [INFO] CurrentProfilePath: C:\02Workspaces\12Springboot\.metadata\.plugins\org.eclipse.swt\EBWebView\Default
2026-08-26 00:53:25.999: [INFO] Profiles total count: 1
2026-08-26 00:53:25.999: [INFO] Profile: name=프로필 1 path=C:\02Workspaces\12Springboot\.metadata\.plugins\org.eclipse.swt\EBWebView\Default lastActive=null
2026-08-26 00:53:25.999: [INFO] LastUsedProfileDir: C:\02Workspaces\12Springboot\.metadata\.plugins\org.eclipse.swt\EBWebView\Default
2026-08-26 00:53:25.999: [INFO] OnDoneLoading sync enabled: 0
2026-08-26 00:53:25.999: [INFO] BookmarkModelLoaded, ids_reassigned: 0
2026-08-26 00:53:25.999: [INFO] BookmarksLoadDropped droppedNodes=0
2026-08-26 00:53:25.999: [INFO] BookmarksSnapshot Startup total=0 bar=0 other=0 mobile=0 showBar=0 showBarNTP=1
2026-08-26 00:53:28.670: [INFO] BookmarksSnapshot Shutdown total=0 bar=0 other=0 mobile=0 showBar=0 showBarNTP=1
2026-08-26 00:53:41.660: [INFO] CurrentProfilePath: C:\02Workspaces\12Springboot\.metadata\.plugins\org.eclipse.swt\EBWebView\Default
2026-08-26 00:53:41.660: [INFO] Profiles total count: 1
2026-08-26 00:53:41.660: [INFO] Profile: name=프로필 1 path=C:\02Workspaces\12Springboot\.metadata\.plugins\org.eclipse.swt\EBWebView\Default lastActive=null
2026-08-26 00:53:41.660: [INFO] LastUsedProfileDir: C:\02Workspaces\12Springboot\.metadata\.plugins\org.eclipse.swt\EBWebView\Default
2026-08-26 00:53:41.660: [INFO] OnDoneLoading sync enabled: 0
2026-08-26 00:53:41.660: [INFO] BookmarkModelLoaded, ids_reassigned: 0
2026-08-26 00:53:41.660: [INFO] BookmarksLoadDropped droppedNodes=0
2026-08-26 00:53:41.660: [INFO] BookmarksSnapshot Startup total=0 bar=0 other=0 mobile=0 showBar=0 showBarNTP=1
2026-08-26 00:53:41.745: [INFO] BookmarksSnapshot Shutdown total=0 bar=0 other=0 mobile=0 showBar=0 showBarNTP=1
2026-08-26 00:54:27.814: [INFO] CurrentProfilePath: C:\02Workspaces\12Springboot\.metadata\.plugins\org.eclipse.swt\EBWebView\Default
2026-08-26 00:54:27.814: [INFO] Profiles total count: 1
2026-08-26 00:54:27.814: [INFO] Profile: name=프로필 1 path=C:\02Workspaces\12Springboot\.metadata\.plugins\org.eclipse.swt\EBWebView\Default lastActive=null
2026-08-26 00:54:27.814: [INFO] LastUsedProfileDir: C:\02Workspaces\12Springboot\.metadata\.plugins\org.eclipse.swt\EBWebView\Default
2026-08-26 00:54:27.814: [INFO] OnDoneLoading sync enabled: 0
2026-08-26 00:54:27.814: [INFO] BookmarkModelLoaded, ids_reassigned: 0
2026-08-26 00:54:27.814: [INFO] BookmarksLoadDropped droppedNodes=0
2026-08-26 00:54:27.814: [INFO] BookmarksSnapshot Startup total=0 bar=0 other=0 mobile=0 showBar=0 showBarNTP=1
2026-08-26 00:54:32.956: [INFO] BookmarksSnapshot Shutdown total=0 bar=0 other=0 mobile=0 showBar=0 showBarNTP=1
2026-08-26 00:54:59.684: [INFO] CurrentProfilePath: C:\02Workspaces\12Springboot\.metadata\.plugins\org.eclipse.swt\EBWebView\Default
2026-08-26 00:54:59.684: [INFO] Profiles total count: 1
2026-08-26 00:54:59.684: [INFO] Profile: name=프로필 1 path=C:\02Workspaces\12Springboot\.metadata\.plugins\org.eclipse.swt\EBWebView\Default lastActive=null
2026-08-26 00:54:59.684: [INFO] LastUsedProfileDir: C:\02Workspaces\12Springboot\.metadata\.plugins\org.eclipse.swt\EBWebView\Default
2026-08-26 00:54:59.684: [INFO] OnDoneLoading sync enabled: 0
2026-08-26 00:54:59.684: [INFO] BookmarkModelLoaded, ids_reassigned: 0
2026-08-26 00:54:59.684: [INFO] BookmarksLoadDropped droppedNodes=0
2026-08-26 00:54:59.684: [INFO] BookmarksSnapshot Startup total=0 bar=0 other=0 mobile=0 showBar=0 showBarNTP=1
2026-08-26 00:55:10.161: [INFO] BookmarksSnapshot Shutdown total=0 bar=0 other=0 mobile=0 showBar=0 showBarNTP=1
2026-08-26 00:55:50.583: [INFO] CurrentProfilePath: C:\02Workspaces\12Springboot\.metadata\.plugins\org.eclipse.swt\EBWebView\Default
2026-08-26 00:55:50.583: [INFO] Profiles total count: 1
2026-08-26 00:55:50.583: [INFO] Profile: name=프로필 1 path=C:\02Workspaces\12Springboot\.metadata\.plugins\org.eclipse.swt\EBWebView\Default lastActive=null
2026-08-26 00:55:50.583: [INFO] LastUsedProfileDir: C:\02Workspaces\12Springboot\.metadata\.plugins\org.eclipse.swt\EBWebView\Default
2026-08-26 00:55:50.583: [INFO] OnDoneLoading sync enabled: 0
2026-08-26 00:55:50.583: [INFO] BookmarkModelLoaded, ids_reassigned: 0
2026-08-26 00:55:50.583: [INFO] BookmarksLoadDropped droppedNodes=0
2026-08-26 00:55:50.584: [INFO] BookmarksSnapshot Startup total=0 bar=0 other=0 mobile=0 showBar=0 showBarNTP=1
2026-08-26 00:55:52.944: [INFO] BookmarksSnapshot Shutdown total=0 bar=0 other=0 mobile=0 showBar=0 showBarNTP=1
2026-08-26 00:55:53.674: [INFO] CurrentProfilePath: C:\02Workspaces\12Springboot\.metadata\.plugins\org.eclipse.swt\EBWebView\Default
2026-08-26 00:55:53.674: [INFO] Profiles total count: 1
2026-08-26 00:55:53.674: [INFO] Profile: name=프로필 1 path=C:\02Workspaces\12Springboot\.metadata\.plugins\org.eclipse.swt\EBWebView\Default lastActive=null
2026-08-26 00:55:53.674: [INFO] LastUsedProfileDir: C:\02Workspaces\12Springboot\.metadata\.plugins\org.eclipse.swt\EBWebView\Default
2026-08-26 00:55:53.674: [INFO] OnDoneLoading sync enabled: 0
2026-08-26 00:55:53.674: [INFO] BookmarkModelLoaded, ids_reassigned: 0
2026-08-26 00:55:53.674: [INFO] BookmarksLoadDropped droppedNodes=0
2026-08-26 00:55:53.674: [INFO] BookmarksSnapshot Startup total=0 bar=0 other=0 mobile=0 showBar=0 showBarNTP=1
2026-08-26 00:55:57.517: [INFO] BookmarksSnapshot Shutdown total=0 bar=0 other=0 mobile=0 showBar=0 showBarNTP=1
2026-08-26 00:57:07.946: [INFO] CurrentProfilePath: C:\02Workspaces\12Springboot\.metadata\.plugins\org.eclipse.swt\EBWebView\Default
2026-08-26 00:57:07.946: [INFO] Profiles total count: 1
2026-08-26 00:57:07.946: [INFO] Profile: name=프로필 1 path=C:\02Workspaces\12Springboot\.metadata\.plugins\org.eclipse.swt\EBWebView\Default lastActive=null
2026-08-26 00:57:07.946: [INFO] LastUsedProfileDir: C:\02Workspaces\12Springboot\.metadata\.plugins\org.eclipse.swt\EBWebView\Default
2026-08-26 00:57:07.946: [INFO] OnDoneLoading sync enabled: 0
2026-08-26 00:57:07.946: [INFO] BookmarkModelLoaded, ids_reassigned: 0
2026-08-26 00:57:07.946: [INFO] BookmarksLoadDropped droppedNodes=0
2026-08-26 00:57:07.946: [INFO] BookmarksSnapshot Startup total=0 bar=0 other=0 mobile=0 showBar=0 showBarNTP=1
2026-08-26 00:57:13.032: [INFO] BookmarksSnapshot Shutdown total=0 bar=0 other=0 mobile=0 showBar=0 showBarNTP=1
2026-08-26 01:00:45.127: [INFO] CurrentProfilePath: C:\02Workspaces\12Springboot\.metadata\.plugins\org.eclipse.swt\EBWebView\Default
2026-08-26 01:00:45.127: [INFO] Profiles total count: 1
2026-08-26 01:00:45.127: [INFO] Profile: name=프로필 1 path=C:\02Workspaces\12Springboot\.metadata\.plugins\org.eclipse.swt\EBWebView\Default lastActive=null
2026-08-26 01:00:45.127: [INFO] LastUsedProfileDir: C:\02Workspaces\12Springboot\.metadata\.plugins\org.eclipse.swt\EBWebView\Default
2026-08-26 01:00:45.127: [INFO] OnDoneLoading sync enabled: 0
2026-08-26 01:00:45.127: [INFO] BookmarkModelLoaded, ids_reassigned: 0
2026-08-26 01:00:45.127: [INFO] BookmarksLoadDropped droppedNodes=0
2026-08-26 01:00:45.127: [INFO] BookmarksSnapshot Startup total=0 bar=0 other=0 mobile=0 showBar=0 showBarNTP=1
2026-08-26 01:00:57.761: [INFO] BookmarksSnapshot Shutdown total=0 bar=0 other=0 mobile=0 showBar=0 showBarNTP=1
2026-08-26 01:01:19.922: [INFO] CurrentProfilePath: C:\02Workspaces\12Springboot\.metadata\.plugins\org.eclipse.swt\EBWebView\Default
2026-08-26 01:01:19.922: [INFO] Profiles total count: 1
2026-08-26 01:01:19.922: [INFO] Profile: name=프로필 1 path=C:\02Workspaces\12Springboot\.metadata\.plugins\org.eclipse.swt\EBWebView\Default lastActive=null
2026-08-26 01:01:19.922: [INFO] LastUsedProfileDir: C:\02Workspaces\12Springboot\.metadata\.plugins\org.eclipse.swt\EBWebView\Default
2026-08-26 01:01:19.922: [INFO] OnDoneLoading sync enabled: 0
2026-08-26 01:01:19.922: [INFO] BookmarkModelLoaded, ids_reassigned: 0
2026-08-26 01:01:19.922: [INFO] BookmarksLoadDropped droppedNodes=0
2026-08-26 01:01:19.922: [INFO] BookmarksSnapshot Startup total=0 bar=0 other=0 mobile=0 showBar=0 showBarNTP=1
2026-08-26 01:01:25.953: [INFO] BookmarksSnapshot Shutdown total=0 bar=0 other=0 mobile=0 showBar=0 showBarNTP=1
2026-08-26 01:01:44.893: [INFO] CurrentProfilePath: C:\02Workspaces\12Springboot\.metadata\.plugins\org.eclipse.swt\EBWebView\Default
2026-08-26 01:01:44.893: [INFO] Profiles total count: 1
2026-08-26 01:01:44.893: [INFO] Profile: name=프로필 1 path=C:\02Workspaces\12Springboot\.metadata\.plugins\org.eclipse.swt\EBWebView\Default lastActive=null
2026-08-26 01:01:44.893: [INFO] LastUsedProfileDir: C:\02Workspaces\12Springboot\.metadata\.plugins\org.eclipse.swt\EBWebView\Default
2026-08-26 01:01:44.893: [INFO] OnDoneLoading sync enabled: 0
2026-08-26 01:01:44.893: [INFO] BookmarkModelLoaded, ids_reassigned: 0
2026-08-26 01:01:44.893: [INFO] BookmarksLoadDropped droppedNodes=0
2026-08-26 01:01:44.893: [INFO] BookmarksSnapshot Startup total=0 bar=0 other=0 mobile=0 showBar=0 showBarNTP=1
2026-08-26 01:02:14.569: [INFO] BookmarksSnapshot Shutdown total=0 bar=0 other=0 mobile=0 showBar=0 showBarNTP=1
2026-08-26 01:02:37.118: [INFO] CurrentProfilePath: C:\02Workspaces\12Springboot\.metadata\.plugins\org.eclipse.swt\EBWebView\Default
2026-08-26 01:02:37.118: [INFO] Profiles total count: 1
2026-08-26 01:02:37.118: [INFO] Profile: name=프로필 1 path=C:\02Workspaces\12Springboot\.metadata\.plugins\org.eclipse.swt\EBWebView\Default lastActive=null
2026-08-26 01:02:37.118: [INFO] LastUsedProfileDir: C:\02Workspaces\12Springboot\.metadata\.plugins\org.eclipse.swt\EBWebView\Default
2026-08-26 01:02:37.118: [INFO] OnDoneLoading sync enabled: 0
2026-08-26 01:02:37.118: [INFO] BookmarkModelLoaded, ids_reassigned: 0
2026-08-26 01:02:37.118: [INFO] BookmarksLoadDropped droppedNodes=0
2026-08-26 01:02:37.118: [INFO] BookmarksSnapshot Startup total=0 bar=0 other=0 mobile=0 showBar=0 showBarNTP=1
2026-08-26 01:03:09.217: [INFO] BookmarksSnapshot Shutdown total=0 bar=0 other=0 mobile=0 showBar=0 showBarNTP=1
2026-08-26 01:03:31.023: [INFO] CurrentProfilePath: C:\02Workspaces\12Springboot\.metadata\.plugins\org.eclipse.swt\EBWebView\Default
2026-08-26 01:03:31.023: [INFO] Profiles total count: 1
2026-08-26 01:03:31.023: [INFO] Profile: name=프로필 1 path=C:\02Workspaces\12Springboot\.metadata\.plugins\org.eclipse.swt\EBWebView\Default lastActive=null
2026-08-26 01:03:31.023: [INFO] LastUsedProfileDir: C:\02Workspaces\12Springboot\.metadata\.plugins\org.eclipse.swt\EBWebView\Default
2026-08-26 01:03:31.023: [INFO] OnDoneLoading sync enabled: 0
2026-08-26 01:03:31.023: [INFO] BookmarkModelLoaded, ids_reassigned: 0
2026-08-26 01:03:31.023: [INFO] BookmarksLoadDropped droppedNodes=0
2026-08-26 01:03:31.023: [INFO] BookmarksSnapshot Startup total=0 bar=0 other=0 mobile=0 showBar=0 showBarNTP=1
2026-08-26 01:03:35.882: [INFO] BookmarksSnapshot Shutdown total=0 bar=0 other=0 mobile=0 showBar=0 showBarNTP=1
2026-08-26 01:04:06.714: [INFO] CurrentProfilePath: C:\02Workspaces\12Springboot\.metadata\.plugins\org.eclipse.swt\EBWebView\Default
2026-08-26 01:04:06.714: [INFO] Profiles total count: 1
2026-08-26 01:04:06.714: [INFO] Profile: name=프로필 1 path=C:\02Workspaces\12Springboot\.metadata\.plugins\org.eclipse.swt\EBWebView\Default lastActive=null
2026-08-26 01:04:06.714: [INFO] LastUsedProfileDir: C:\02Workspaces\12Springboot\.metadata\.plugins\org.eclipse.swt\EBWebView\Default
2026-08-26 01:04:06.714: [INFO] OnDoneLoading sync enabled: 0
2026-08-26 01:04:06.714: [INFO] BookmarkModelLoaded, ids_reassigned: 0
2026-08-26 01:04:06.714: [INFO] BookmarksLoadDropped droppedNodes=0
2026-08-26 01:04:06.714: [INFO] BookmarksSnapshot Startup total=0 bar=0 other=0 mobile=0 showBar=0 showBarNTP=1
2026-08-26 01:04:13.525: [INFO] BookmarksSnapshot Shutdown total=0 bar=0 other=0 mobile=0 showBar=0 showBarNTP=1
2026-08-26 01:05:14.538: [INFO] CurrentProfilePath: C:\02Workspaces\12Springboot\.metadata\.plugins\org.eclipse.swt\EBWebView\Default
2026-08-26 01:05:14.538: [INFO] Profiles total count: 1
2026-08-26 01:05:14.538: [INFO] Profile: name=프로필 1 path=C:\02Workspaces\12Springboot\.metadata\.plugins\org.eclipse.swt\EBWebView\Default lastActive=null
2026-08-26 01:05:14.538: [INFO] LastUsedProfileDir: C:\02Workspaces\12Springboot\.metadata\.plugins\org.eclipse.swt\EBWebView\Default
2026-08-26 01:05:14.538: [INFO] OnDoneLoading sync enabled: 0
2026-08-26 01:05:14.538: [INFO] BookmarkModelLoaded, ids_reassigned: 0
2026-08-26 01:05:14.538: [INFO] BookmarksLoadDropped droppedNodes=0
2026-08-26 01:05:14.538: [INFO] BookmarksSnapshot Startup total=0 bar=0 other=0 mobile=0 showBar=0 showBarNTP=1
2026-08-26 01:05:20.329: [INFO] BookmarksSnapshot Shutdown total=0 bar=0 other=0 mobile=0 showBar=0 showBarNTP=1
2026-08-26 01:06:21.791: [INFO] CurrentProfilePath: C:\02Workspaces\12Springboot\.metadata\.plugins\org.eclipse.swt\EBWebView\Default
2026-08-26 01:06:21.791: [INFO] Profiles total count: 1
2026-08-26 01:06:21.791: [INFO] Profile: name=프로필 1 path=C:\02Workspaces\12Springboot\.metadata\.plugins\org.eclipse.swt\EBWebView\Default lastActive=null
2026-08-26 01:06:21.791: [INFO] LastUsedProfileDir: C:\02Workspaces\12Springboot\.metadata\.plugins\org.eclipse.swt\EBWebView\Default
2026-08-26 01:06:21.791: [INFO] OnDoneLoading sync enabled: 0
2026-08-26 01:06:21.791: [INFO] BookmarkModelLoaded, ids_reassigned: 0
2026-08-26 01:06:21.791: [INFO] BookmarksLoadDropped droppedNodes=0
2026-08-26 01:06:21.791: [INFO] BookmarksSnapshot Startup total=0 bar=0 other=0 mobile=0 showBar=0 showBarNTP=1
2026-08-26 01:42:32.933: [INFO] BookmarksSnapshot Shutdown total=0 bar=0 other=0 mobile=0 showBar=0 showBarNTP=1
2026-08-26 01:43:16.085: [INFO] CurrentProfilePath: C:\02Workspaces\12Springboot\.metadata\.plugins\org.eclipse.swt\EBWebView\Default
2026-08-26 01:43:16.085: [INFO] Profiles total count: 1
2026-08-26 01:43:16.086: [INFO] Profile: name=프로필 1 path=C:\02Workspaces\12Springboot\.metadata\.plugins\org.eclipse.swt\EBWebView\Default lastActive=null
2026-08-26 01:43:16.086: [INFO] LastUsedProfileDir: C:\02Workspaces\12Springboot\.metadata\.plugins\org.eclipse.swt\EBWebView\Default
2026-08-26 01:43:16.086: [INFO] OnDoneLoading sync enabled: 0
2026-08-26 01:43:16.086: [INFO] BookmarkModelLoaded, ids_reassigned: 0
2026-08-26 01:43:16.086: [INFO] BookmarksLoadDropped droppedNodes=0
2026-08-26 01:43:16.086: [INFO] BookmarksSnapshot Startup total=0 bar=0 other=0 mobile=0 showBar=0 showBarNTP=1
2026-08-26 01:43:48.215: [INFO] BookmarksSnapshot Shutdown total=0 bar=0 other=0 mobile=0 showBar=0 showBarNTP=1
2026-08-26 01:43:50.452: [INFO] CurrentProfilePath: C:\02Workspaces\12Springboot\.metadata\.plugins\org.eclipse.swt\EBWebView\Default
2026-08-26 01:43:50.452: [INFO] Profiles total count: 1
2026-08-26 01:43:50.452: [INFO] Profile: name=프로필 1 path=C:\02Workspaces\12Springboot\.metadata\.plugins\org.eclipse.swt\EBWebView\Default lastActive=null
2026-08-26 01:43:50.452: [INFO] LastUsedProfileDir: C:\02Workspaces\12Springboot\.metadata\.plugins\org.eclipse.swt\EBWebView\Default
2026-08-26 01:43:50.452: [INFO] OnDoneLoading sync enabled: 0
2026-08-26 01:43:50.452: [INFO] BookmarkModelLoaded, ids_reassigned: 0
2026-08-26 01:43:50.452: [INFO] BookmarksLoadDropped droppedNodes=0
2026-08-26 01:43:50.452: [INFO] BookmarksSnapshot Startup total=0 bar=0 other=0 mobile=0 showBar=0 showBarNTP=1
2026-08-26 03:03:18.069: [INFO] BookmarksSnapshot Shutdown total=0 bar=0 other=0 mobile=0 showBar=0 showBarNTP=1
2026-08-26 06:44:27.662: [INFO] CurrentProfilePath: C:\02Workspaces\12Springboot\.metadata\.plugins\org.eclipse.swt\EBWebView\Default
2026-08-26 06:44:27.662: [INFO] Profiles total count: 1
2026-08-26 06:44:27.662: [INFO] Profile: name=프로필 1 path=C:\02Workspaces\12Springboot\.metadata\.plugins\org.eclipse.swt\EBWebView\Default lastActive=null
2026-08-26 06:44:27.662: [INFO] LastUsedProfileDir: C:\02Workspaces\12Springboot\.metadata\.plugins\org.eclipse.swt\EBWebView\Default
2026-08-26 06:44:27.662: [INFO] OnDoneLoading sync enabled: 0
2026-08-26 06:44:27.662: [INFO] BookmarkModelLoaded, ids_reassigned: 0
2026-08-26 06:44:27.662: [INFO] BookmarksLoadDropped droppedNodes=0
2026-08-26 06:44:27.662: [INFO] BookmarksSnapshot Startup total=0 bar=0 other=0 mobile=0 showBar=0 showBarNTP=1
2026-08-26 06:44:30.134: [INFO] BookmarksSnapshot Shutdown total=0 bar=0 other=0 mobile=0 showBar=0 showBarNTP=1
2026-08-26 07:02:59.034: [INFO] CurrentProfilePath: C:\02Workspaces\12Springboot\.metadata\.plugins\org.eclipse.swt\EBWebView\Default
2026-08-26 07:02:59.034: [INFO] Profiles total count: 1
2026-08-26 07:02:59.034: [INFO] Profile: name=프로필 1 path=C:\02Workspaces\12Springboot\.metadata\.plugins\org.eclipse.swt\EBWebView\Default lastActive=null
2026-08-26 07:02:59.034: [INFO] LastUsedProfileDir: C:\02Workspaces\12Springboot\.metadata\.plugins\org.eclipse.swt\EBWebView\Default
2026-08-26 07:02:59.034: [INFO] OnDoneLoading sync enabled: 0
2026-08-26 07:02:59.035: [INFO] BookmarkModelLoaded, ids_reassigned: 0
2026-08-26 07:02:59.035: [INFO] BookmarksLoadDropped droppedNodes=0
2026-08-26 07:02:59.035: [INFO] BookmarksSnapshot Startup total=0 bar=0 other=0 mobile=0 showBar=0 showBarNTP=1
2026-08-26 07:02:59.895: [INFO] BookmarksSnapshot Shutdown total=0 bar=0 other=0 mobile=0 showBar=0 showBarNTP=1
2026-08-26 07:03:06.544: [INFO] CurrentProfilePath: C:\02Workspaces\12Springboot\.metadata\.plugins\org.eclipse.swt\EBWebView\Default
2026-08-26 07:03:06.544: [INFO] Profiles total count: 1
2026-08-26 07:03:06.544: [INFO] Profile: name=프로필 1 path=C:\02Workspaces\12Springboot\.metadata\.plugins\org.eclipse.swt\EBWebView\Default lastActive=null
2026-08-26 07:03:06.544: [INFO] LastUsedProfileDir: C:\02Workspaces\12Springboot\.metadata\.plugins\org.eclipse.swt\EBWebView\Default
2026-08-26 07:03:06.544: [INFO] OnDoneLoading sync enabled: 0
2026-08-26 07:03:06.544: [INFO] BookmarkModelLoaded, ids_reassigned: 0
2026-08-26 07:03:06.544: [INFO] BookmarksLoadDropped droppedNodes=0
2026-08-26 07:03:06.544: [INFO] BookmarksSnapshot Startup total=0 bar=0 other=0 mobile=0 showBar=0 showBarNTP=1
2026-08-26 07:03:06.687: [INFO] BookmarksSnapshot Shutdown total=0 bar=0 other=0 mobile=0 showBar=0 showBarNTP=1
2026-08-26 07:03:39.136: [INFO] CurrentProfilePath: C:\02Workspaces\12Springboot\.metadata\.plugins\org.eclipse.swt\EBWebView\Default
2026-08-26 07:03:39.136: [INFO] Profiles total count: 1
2026-08-26 07:03:39.136: [INFO] Profile: name=프로필 1 path=C:\02Workspaces\12Springboot\.metadata\.plugins\org.eclipse.swt\EBWebView\Default lastActive=null
2026-08-26 07:03:39.136: [INFO] LastUsedProfileDir: C:\02Workspaces\12Springboot\.metadata\.plugins\org.eclipse.swt\EBWebView\Default
2026-08-26 07:03:39.136: [INFO] OnDoneLoading sync enabled: 0
2026-08-26 07:03:39.136: [INFO] BookmarkModelLoaded, ids_reassigned: 0
2026-08-26 07:03:39.136: [INFO] BookmarksLoadDropped droppedNodes=0
2026-08-26 07:03:39.136: [INFO] BookmarksSnapshot Startup total=0 bar=0 other=0 mobile=0 showBar=0 showBarNTP=1
2026-08-26 07:03:45.090: [INFO] BookmarksSnapshot Shutdown total=0 bar=0 other=0 mobile=0 showBar=0 showBarNTP=1
2026-08-26 07:03:49.184: [INFO] CurrentProfilePath: C:\02Workspaces\12Springboot\.metadata\.plugins\org.eclipse.swt\EBWebView\Default
2026-08-26 07:03:49.184: [INFO] Profiles total count: 1
2026-08-26 07:03:49.184: [INFO] Profile: name=프로필 1 path=C:\02Workspaces\12Springboot\.metadata\.plugins\org.eclipse.swt\EBWebView\Default lastActive=null
2026-08-26 07:03:49.184: [INFO] LastUsedProfileDir: C:\02Workspaces\12Springboot\.metadata\.plugins\org.eclipse.swt\EBWebView\Default
2026-08-26 07:03:49.184: [INFO] OnDoneLoading sync enabled: 0
2026-08-26 07:03:49.184: [INFO] BookmarkModelLoaded, ids_reassigned: 0
2026-08-26 07:03:49.184: [INFO] BookmarksLoadDropped droppedNodes=0
2026-08-26 07:03:49.184: [INFO] BookmarksSnapshot Startup total=0 bar=0 other=0 mobile=0 showBar=0 showBarNTP=1
2026-08-26 07:03:51.811: [INFO] BookmarksSnapshot Shutdown total=0 bar=0 other=0 mobile=0 showBar=0 showBarNTP=1
2026-08-26 07:03:53.760: [INFO] CurrentProfilePath: C:\02Workspaces\12Springboot\.metadata\.plugins\org.eclipse.swt\EBWebView\Default
2026-08-26 07:03:53.760: [INFO] Profiles total count: 1
2026-08-26 07:03:53.760: [INFO] Profile: name=프로필 1 path=C:\02Workspaces\12Springboot\.metadata\.plugins\org.eclipse.swt\EBWebView\Default lastActive=null
2026-08-26 07:03:53.760: [INFO] LastUsedProfileDir: C:\02Workspaces\12Springboot\.metadata\.plugins\org.eclipse.swt\EBWebView\Default
2026-08-26 07:03:53.760: [INFO] OnDoneLoading sync enabled: 0
2026-08-26 07:03:53.760: [INFO] BookmarkModelLoaded, ids_reassigned: 0
2026-08-26 07:03:53.760: [INFO] BookmarksLoadDropped droppedNodes=0
2026-08-26 07:03:53.760: [INFO] BookmarksSnapshot Startup total=0 bar=0 other=0 mobile=0 showBar=0 showBarNTP=1
2026-08-26 07:04:07.416: [INFO] BookmarksSnapshot Shutdown total=0 bar=0 other=0 mobile=0 showBar=0 showBarNTP=1
2026-08-26 07:04:11.577: [INFO] CurrentProfilePath: C:\02Workspaces\12Springboot\.metadata\.plugins\org.eclipse.swt\EBWebView\Default
2026-08-26 07:04:11.577: [INFO] Profiles total count: 1
2026-08-26 07:04:11.577: [INFO] Profile: name=프로필 1 path=C:\02Workspaces\12Springboot\.metadata\.plugins\org.eclipse.swt\EBWebView\Default lastActive=null
2026-08-26 07:04:11.577: [INFO] LastUsedProfileDir: C:\02Workspaces\12Springboot\.metadata\.plugins\org.eclipse.swt\EBWebView\Default
2026-08-26 07:04:11.577: [INFO] OnDoneLoading sync enabled: 0
2026-08-26 07:04:11.577: [INFO] BookmarkModelLoaded, ids_reassigned: 0
2026-08-26 07:04:11.577: [INFO] BookmarksLoadDropped droppedNodes=0
2026-08-26 07:04:11.577: [INFO] BookmarksSnapshot Startup total=0 bar=0 other=0 mobile=0 showBar=0 showBarNTP=1
2026-08-26 07:04:14.102: [INFO] BookmarksSnapshot Shutdown total=0 bar=0 other=0 mobile=0 showBar=0 showBarNTP=1
2026-08-26 07:04:20.525: [INFO] CurrentProfilePath: C:\02Workspaces\12Springboot\.metadata\.plugins\org.eclipse.swt\EBWebView\Default
2026-08-26 07:04:20.525: [INFO] Profiles total count: 1
2026-08-26 07:04:20.525: [INFO] Profile: name=프로필 1 path=C:\02Workspaces\12Springboot\.metadata\.plugins\org.eclipse.swt\EBWebView\Default lastActive=null
2026-08-26 07:04:20.525: [INFO] LastUsedProfileDir: C:\02Workspaces\12Springboot\.metadata\.plugins\org.eclipse.swt\EBWebView\Default
2026-08-26 07:04:20.525: [INFO] OnDoneLoading sync enabled: 0
2026-08-26 07:04:20.525: [INFO] BookmarkModelLoaded, ids_reassigned: 0
2026-08-26 07:04:20.525: [INFO] BookmarksLoadDropped droppedNodes=0
2026-08-26 07:04:20.525: [INFO] BookmarksSnapshot Startup total=0 bar=0 other=0 mobile=0 showBar=0 showBarNTP=1
2026-08-26 07:04:23.187: [INFO] BookmarksSnapshot Shutdown total=0 bar=0 other=0 mobile=0 showBar=0 showBarNTP=1
2026-08-26 07:04:25.519: [INFO] CurrentProfilePath: C:\02Workspaces\12Springboot\.metadata\.plugins\org.eclipse.swt\EBWebView\Default
2026-08-26 07:04:25.519: [INFO] Profiles total count: 1
2026-08-26 07:04:25.519: [INFO] Profile: name=프로필 1 path=C:\02Workspaces\12Springboot\.metadata\.plugins\org.eclipse.swt\EBWebView\Default lastActive=null
2026-08-26 07:04:25.519: [INFO] LastUsedProfileDir: C:\02Workspaces\12Springboot\.metadata\.plugins\org.eclipse.swt\EBWebView\Default
2026-08-26 07:04:25.519: [INFO] OnDoneLoading sync enabled: 0
2026-08-26 07:04:25.519: [INFO] BookmarkModelLoaded, ids_reassigned: 0
2026-08-26 07:04:25.519: [INFO] BookmarksLoadDropped droppedNodes=0
2026-08-26 07:04:25.519: [INFO] BookmarksSnapshot Startup total=0 bar=0 other=0 mobile=0 showBar=0 showBarNTP=1
2026-08-26 07:05:11.438: [INFO] BookmarksSnapshot Shutdown total=0 bar=0 other=0 mobile=0 showBar=0 showBarNTP=1
2026-08-26 07:06:07.351: [INFO] CurrentProfilePath: C:\02Workspaces\12Springboot\.metadata\.plugins\org.eclipse.swt\EBWebView\Default
2026-08-26 07:06:07.351: [INFO] Profiles total count: 1
2026-08-26 07:06:07.351: [INFO] Profile: name=프로필 1 path=C:\02Workspaces\12Springboot\.metadata\.plugins\org.eclipse.swt\EBWebView\Default lastActive=null
2026-08-26 07:06:07.351: [INFO] LastUsedProfileDir: C:\02Workspaces\12Springboot\.metadata\.plugins\org.eclipse.swt\EBWebView\Default
2026-08-26 07:06:07.351: [INFO] OnDoneLoading sync enabled: 0
2026-08-26 07:06:07.351: [INFO] BookmarkModelLoaded, ids_reassigned: 0
2026-08-26 07:06:07.351: [INFO] BookmarksLoadDropped droppedNodes=0
2026-08-26 07:06:07.351: [INFO] BookmarksSnapshot Startup total=0 bar=0 other=0 mobile=0 showBar=0 showBarNTP=1
2026-08-26 07:06:11.107: [INFO] BookmarksSnapshot Shutdown total=0 bar=0 other=0 mobile=0 showBar=0 showBarNTP=1
2026-08-26 07:06:14.177: [INFO] CurrentProfilePath: C:\02Workspaces\12Springboot\.metadata\.plugins\org.eclipse.swt\EBWebView\Default
2026-08-26 07:06:14.177: [INFO] Profiles total count: 1
2026-08-26 07:06:14.177: [INFO] Profile: name=프로필 1 path=C:\02Workspaces\12Springboot\.metadata\.plugins\org.eclipse.swt\EBWebView\Default lastActive=null
2026-08-26 07:06:14.177: [INFO] LastUsedProfileDir: C:\02Workspaces\12Springboot\.metadata\.plugins\org.eclipse.swt\EBWebView\Default
2026-08-26 07:06:14.177: [INFO] OnDoneLoading sync enabled: 0
2026-08-26 07:06:14.177: [INFO] BookmarkModelLoaded, ids_reassigned: 0
2026-08-26 07:06:14.177: [INFO] BookmarksLoadDropped droppedNodes=0
2026-08-26 07:06:14.177: [INFO] BookmarksSnapshot Startup total=0 bar=0 other=0 mobile=0 showBar=0 showBarNTP=1
2026-08-26 07:06:20.102: [INFO] BookmarksSnapshot Shutdown total=0 bar=0 other=0 mobile=0 showBar=0 showBarNTP=1
2026-08-26 07:06:53.839: [INFO] CurrentProfilePath: C:\02Workspaces\12Springboot\.metadata\.plugins\org.eclipse.swt\EBWebView\Default
2026-08-26 07:06:53.839: [INFO] Profiles total count: 1
2026-08-26 07:06:53.839: [INFO] Profile: name=프로필 1 path=C:\02Workspaces\12Springboot\.metadata\.plugins\org.eclipse.swt\EBWebView\Default lastActive=null
2026-08-26 07:06:53.839: [INFO] LastUsedProfileDir: C:\02Workspaces\12Springboot\.metadata\.plugins\org.eclipse.swt\EBWebView\Default
2026-08-26 07:06:53.839: [INFO] OnDoneLoading sync enabled: 0
2026-08-26 07:06:53.839: [INFO] BookmarkModelLoaded, ids_reassigned: 0
2026-08-26 07:06:53.839: [INFO] BookmarksLoadDropped droppedNodes=0
2026-08-26 07:06:53.839: [INFO] BookmarksSnapshot Startup total=0 bar=0 other=0 mobile=0 showBar=0 showBarNTP=1
2026-08-26 07:06:56.164: [INFO] BookmarksSnapshot Shutdown total=0 bar=0 other=0 mobile=0 showBar=0 showBarNTP=1
2026-08-26 07:08:06.214: [INFO] CurrentProfilePath: C:\02Workspaces\12Springboot\.metadata\.plugins\org.eclipse.swt\EBWebView\Default
2026-08-26 07:08:06.214: [INFO] Profiles total count: 1
2026-08-26 07:08:06.214: [INFO] Profile: name=프로필 1 path=C:\02Workspaces\12Springboot\.metadata\.plugins\org.eclipse.swt\EBWebView\Default lastActive=null
2026-08-26 07:08:06.214: [INFO] LastUsedProfileDir: C:\02Workspaces\12Springboot\.metadata\.plugins\org.eclipse.swt\EBWebView\Default
2026-08-26 07:08:06.214: [INFO] OnDoneLoading sync enabled: 0
2026-08-26 07:08:06.214: [INFO] BookmarkModelLoaded, ids_reassigned: 0
2026-08-26 07:08:06.214: [INFO] BookmarksLoadDropped droppedNodes=0
2026-08-26 07:08:06.214: [INFO] BookmarksSnapshot Startup total=0 bar=0 other=0 mobile=0 showBar=0 showBarNTP=1
2026-08-26 07:08:06.313: [INFO] BookmarksSnapshot Shutdown total=0 bar=0 other=0 mobile=0 showBar=0 showBarNTP=1
2026-08-26 07:13:40.944: [INFO] CurrentProfilePath: C:\02Workspaces\12Springboot\.metadata\.plugins\org.eclipse.swt\EBWebView\Default
2026-08-26 07:13:40.944: [INFO] Profiles total count: 1
2026-08-26 07:13:40.944: [INFO] Profile: name=프로필 1 path=C:\02Workspaces\12Springboot\.metadata\.plugins\org.eclipse.swt\EBWebView\Default lastActive=null
2026-08-26 07:13:40.944: [INFO] LastUsedProfileDir: C:\02Workspaces\12Springboot\.metadata\.plugins\org.eclipse.swt\EBWebView\Default
2026-08-26 07:13:40.944: [INFO] OnDoneLoading sync enabled: 0
2026-08-26 07:13:40.944: [INFO] BookmarkModelLoaded, ids_reassigned: 0
2026-08-26 07:13:40.944: [INFO] BookmarksLoadDropped droppedNodes=0
2026-08-26 07:13:40.944: [INFO] BookmarksSnapshot Startup total=0 bar=0 other=0 mobile=0 showBar=0 showBarNTP=1
2026-08-26 07:13:44.790: [INFO] BookmarksSnapshot Shutdown total=0 bar=0 other=0 mobile=0 showBar=0 showBarNTP=1
2026-08-26 07:13:52.431: [INFO] CurrentProfilePath: C:\02Workspaces\12Springboot\.metadata\.plugins\org.eclipse.swt\EBWebView\Default
2026-08-26 07:13:52.431: [INFO] Profiles total count: 1
2026-08-26 07:13:52.431: [INFO] Profile: name=프로필 1 path=C:\02Workspaces\12Springboot\.metadata\.plugins\org.eclipse.swt\EBWebView\Default lastActive=null
2026-08-26 07:13:52.431: [INFO] LastUsedProfileDir: C:\02Workspaces\12Springboot\.metadata\.plugins\org.eclipse.swt\EBWebView\Default
2026-08-26 07:13:52.431: [INFO] OnDoneLoading sync enabled: 0
2026-08-26 07:13:52.431: [INFO] BookmarkModelLoaded, ids_reassigned: 0
2026-08-26 07:13:52.431: [INFO] BookmarksLoadDropped droppedNodes=0
2026-08-26 07:13:52.431: [INFO] BookmarksSnapshot Startup total=0 bar=0 other=0 mobile=0 showBar=0 showBarNTP=1
2026-08-26 07:14:01.242: [INFO] BookmarksSnapshot Shutdown total=0 bar=0 other=0 mobile=0 showBar=0 showBarNTP=1
2026-08-26 07:16:28.406: [INFO] CurrentProfilePath: C:\02Workspaces\12Springboot\.metadata\.plugins\org.eclipse.swt\EBWebView\Default
2026-08-26 07:16:28.406: [INFO] Profiles total count: 1
2026-08-26 07:16:28.406: [INFO] Profile: name=프로필 1 path=C:\02Workspaces\12Springboot\.metadata\.plugins\org.eclipse.swt\EBWebView\Default lastActive=null
2026-08-26 07:16:28.406: [INFO] LastUsedProfileDir: C:\02Workspaces\12Springboot\.metadata\.plugins\org.eclipse.swt\EBWebView\Default
2026-08-26 07:16:28.406: [INFO] OnDoneLoading sync enabled: 0
2026-08-26 07:16:28.406: [INFO] BookmarkModelLoaded, ids_reassigned: 0
2026-08-26 07:16:28.406: [INFO] BookmarksLoadDropped droppedNodes=0
2026-08-26 07:16:28.406: [INFO] BookmarksSnapshot Startup total=0 bar=0 other=0 mobile=0 showBar=0 showBarNTP=1
2026-08-26 07:16:33.554: [INFO] BookmarksSnapshot Shutdown total=0 bar=0 other=0 mobile=0 showBar=0 showBarNTP=1
2026-08-26 07:17:38.990: [INFO] CurrentProfilePath: C:\02Workspaces\12Springboot\.metadata\.plugins\org.eclipse.swt\EBWebView\Default
2026-08-26 07:17:38.990: [INFO] Profiles total count: 1
2026-08-26 07:17:38.990: [INFO] Profile: name=프로필 1 path=C:\02Workspaces\12Springboot\.metadata\.plugins\org.eclipse.swt\EBWebView\Default lastActive=null
2026-08-26 07:17:38.990: [INFO] LastUsedProfileDir: C:\02Workspaces\12Springboot\.metadata\.plugins\org.eclipse.swt\EBWebView\Default
2026-08-26 07:17:38.990: [INFO] OnDoneLoading sync enabled: 0
2026-08-26 07:17:38.990: [INFO] BookmarkModelLoaded, ids_reassigned: 0
2026-08-26 07:17:38.990: [INFO] BookmarksLoadDropped droppedNodes=0
2026-08-26 07:17:38.990: [INFO] BookmarksSnapshot Startup total=0 bar=0 other=0 mobile=0 showBar=0 showBarNTP=1
2026-08-26 07:17:52.916: [INFO] BookmarksSnapshot Shutdown total=0 bar=0 other=0 mobile=0 showBar=0 showBarNTP=1
2026-08-26 07:18:39.029: [INFO] CurrentProfilePath: C:\02Workspaces\12Springboot\.metadata\.plugins\org.eclipse.swt\EBWebView\Default
2026-08-26 07:18:39.029: [INFO] Profiles total count: 1
2026-08-26 07:18:39.029: [INFO] Profile: name=프로필 1 path=C:\02Workspaces\12Springboot\.metadata\.plugins\org.eclipse.swt\EBWebView\Default lastActive=null
2026-08-26 07:18:39.029: [INFO] LastUsedProfileDir: C:\02Workspaces\12Springboot\.metadata\.plugins\org.eclipse.swt\EBWebView\Default
2026-08-26 07:18:39.029: [INFO] OnDoneLoading sync enabled: 0
2026-08-26 07:18:39.029: [INFO] BookmarkModelLoaded, ids_reassigned: 0
2026-08-26 07:18:39.029: [INFO] BookmarksLoadDropped droppedNodes=0
2026-08-26 07:18:39.029: [INFO] BookmarksSnapshot Startup total=0 bar=0 other=0 mobile=0 showBar=0 showBarNTP=1
2026-08-26 07:18:44.766: [INFO] BookmarksSnapshot Shutdown total=0 bar=0 other=0 mobile=0 showBar=0 showBarNTP=1
2026-08-26 07:19:11.861: [INFO] CurrentProfilePath: C:\02Workspaces\12Springboot\.metadata\.plugins\org.eclipse.swt\EBWebView\Default
2026-08-26 07:19:11.861: [INFO] Profiles total count: 1
2026-08-26 07:19:11.862: [INFO] Profile: name=프로필 1 path=C:\02Workspaces\12Springboot\.metadata\.plugins\org.eclipse.swt\EBWebView\Default lastActive=null
2026-08-26 07:19:11.862: [INFO] LastUsedProfileDir: C:\02Workspaces\12Springboot\.metadata\.plugins\org.eclipse.swt\EBWebView\Default
2026-08-26 07:19:11.862: [INFO] OnDoneLoading sync enabled: 0
2026-08-26 07:19:11.862: [INFO] BookmarkModelLoaded, ids_reassigned: 0
2026-08-26 07:19:11.862: [INFO] BookmarksLoadDropped droppedNodes=0
2026-08-26 07:19:11.862: [INFO] BookmarksSnapshot Startup total=0 bar=0 other=0 mobile=0 showBar=0 showBarNTP=1
2026-08-26 07:19:15.701: [INFO] BookmarksSnapshot Shutdown total=0 bar=0 other=0 mobile=0 showBar=0 showBarNTP=1
2026-08-26 07:41:31.599: [INFO] CurrentProfilePath: C:\02Workspaces\12Springboot\.metadata\.plugins\org.eclipse.swt\EBWebView\Default
2026-08-26 07:41:31.599: [INFO] Profiles total count: 1
2026-08-26 07:41:31.599: [INFO] Profile: name=프로필 1 path=C:\02Workspaces\12Springboot\.metadata\.plugins\org.eclipse.swt\EBWebView\Default lastActive=null
2026-08-26 07:41:31.599: [INFO] LastUsedProfileDir: C:\02Workspaces\12Springboot\.metadata\.plugins\org.eclipse.swt\EBWebView\Default
2026-08-26 07:41:31.599: [INFO] OnDoneLoading sync enabled: 0
2026-08-26 07:41:31.599: [INFO] BookmarkModelLoaded, ids_reassigned: 0
2026-08-26 07:41:31.599: [INFO] BookmarksLoadDropped droppedNodes=0
2026-08-26 07:41:31.599: [INFO] BookmarksSnapshot Startup total=0 bar=0 other=0 mobile=0 showBar=0 showBarNTP=1
2026-08-26 09:32:54.598: [INFO] BookmarksSnapshot Shutdown total=0 bar=0 other=0 mobile=0 showBar=0 showBarNTP=1
2026-08-27 01:16:20.391: [INFO] CurrentProfilePath: C:\02Workspaces\12Springboot\.metadata\.plugins\org.eclipse.swt\EBWebView\Default
2026-08-27 01:16:20.391: [INFO] Profiles total count: 1
2026-08-27 01:16:20.391: [INFO] Profile: name=프로필 1 path=C:\02Workspaces\12Springboot\.metadata\.plugins\org.eclipse.swt\EBWebView\Default lastActive=null
2026-08-27 01:16:20.391: [INFO] LastUsedProfileDir: C:\02Workspaces\12Springboot\.metadata\.plugins\org.eclipse.swt\EBWebView\Default
2026-08-27 01:16:20.391: [INFO] OnDoneLoading sync enabled: 0
2026-08-27 01:16:20.391: [INFO] BookmarkModelLoaded, ids_reassigned: 0
2026-08-27 01:16:20.391: [INFO] BookmarksLoadDropped droppedNodes=0
2026-08-27 01:16:20.391: [INFO] BookmarksSnapshot Startup total=0 bar=0 other=0 mobile=0 showBar=0 showBarNTP=1
2026-08-27 02:57:31.048: [INFO] BookmarksSnapshot Shutdown total=0 bar=0 other=0 mobile=0 showBar=0 showBarNTP=1
2026-09-03 04:15:35.427: [INFO] CurrentProfilePath: C:\02Workspaces\12Springboot\.metadata\.plugins\org.eclipse.swt\EBWebView\Default
2026-09-03 04:15:35.427: [INFO] Profiles total count: 1
2026-09-03 04:15:35.427: [INFO] Profile: name=프로필 1 path=C:\02Workspaces\12Springboot\.metadata\.plugins\org.eclipse.swt\EBWebView\Default lastActive=null
2026-09-03 04:15:35.427: [INFO] LastUsedProfileDir: C:\02Workspaces\12Springboot\.metadata\.plugins\org.eclipse.swt\EBWebView\Default
2026-09-03 04:15:35.427: [INFO] OnDoneLoading sync enabled: 0
2026-09-03 04:15:35.427: [INFO] BookmarkModelLoaded, ids_reassigned: 0
2026-09-03 04:15:35.427: [INFO] BookmarksLoadDropped droppedNodes=0
2026-09-03 04:15:35.427: [INFO] BookmarksSnapshot Startup total=0 bar=0 other=0 mobile=0 showBar=0 showBarNTP=1
2026-09-03 04:17:03.790: [INFO] BookmarksSnapshot Shutdown total=0 bar=0 other=0 mobile=0 showBar=0 showBarNTP=1
2026-09-03 04:17:03.843: [INFO] CurrentProfilePath: C:\02Workspaces\12Springboot\.metadata\.plugins\org.eclipse.swt\EBWebView\Default
2026-09-03 04:17:03.843: [INFO] Profiles total count: 1
2026-09-03 04:17:03.843: [INFO] Profile: name=프로필 1 path=C:\02Workspaces\12Springboot\.metadata\.plugins\org.eclipse.swt\EBWebView\Default lastActive=null
2026-09-03 04:17:03.843: [INFO] LastUsedProfileDir: C:\02Workspaces\12Springboot\.metadata\.plugins\org.eclipse.swt\EBWebView\Default
2026-09-03 04:17:03.843: [INFO] OnDoneLoading sync enabled: 0
2026-09-03 04:17:03.843: [INFO] BookmarkModelLoaded, ids_reassigned: 0
2026-09-03 04:17:03.843: [INFO] BookmarksLoadDropped droppedNodes=0
2026-09-03 04:17:03.843: [INFO] BookmarksSnapshot Startup total=0 bar=0 other=0 mobile=0 showBar=0 showBarNTP=1
2026-09-03 04:17:25.541: [INFO] BookmarksSnapshot Shutdown total=0 bar=0 other=0 mobile=0 showBar=0 showBarNTP=1
2026-09-03 04:17:25.603: [INFO] CurrentProfilePath: C:\02Workspaces\12Springboot\.metadata\.plugins\org.eclipse.swt\EBWebView\Default
2026-09-03 04:17:25.603: [INFO] Profiles total count: 1
2026-09-03 04:17:25.603: [INFO] Profile: name=프로필 1 path=C:\02Workspaces\12Springboot\.metadata\.plugins\org.eclipse.swt\EBWebView\Default lastActive=null
2026-09-03 04:17:25.603: [INFO] LastUsedProfileDir: C:\02Workspaces\12Springboot\.metadata\.plugins\org.eclipse.swt\EBWebView\Default
2026-09-03 04:17:25.603: [INFO] OnDoneLoading sync enabled: 0
2026-09-03 04:17:25.603: [INFO] BookmarkModelLoaded, ids_reassigned: 0
2026-09-03 04:17:25.603: [INFO] BookmarksLoadDropped droppedNodes=0
2026-09-03 04:17:25.603: [INFO] BookmarksSnapshot Startup total=0 bar=0 other=0 mobile=0 showBar=0 showBarNTP=1
2026-09-03 05:36:41.695: [INFO] BookmarksSnapshot Shutdown total=0 bar=0 other=0 mobile=0 showBar=0 showBarNTP=1
